Archive member included because of file (symbol)

c:/program files (x86)/gnu tools arm embedded/4.8 2013q4/bin/../lib/gcc/arm-none-eabi/4.8.3/armv7-m\libgcc.a(_arm_addsubdf3.o)
                              ..\obj\conv.o (__aeabi_dadd)
c:/program files (x86)/gnu tools arm embedded/4.8 2013q4/bin/../lib/gcc/arm-none-eabi/4.8.3/armv7-m\libgcc.a(_arm_muldivdf3.o)
                              ..\obj\conv.o (__aeabi_dmul)
c:/program files (x86)/gnu tools arm embedded/4.8 2013q4/bin/../lib/gcc/arm-none-eabi/4.8.3/armv7-m\libgcc.a(_arm_addsubsf3.o)
                              ..\obj\conv.o (__aeabi_fsub)
c:/program files (x86)/gnu tools arm embedded/4.8 2013q4/bin/../lib/gcc/arm-none-eabi/4.8.3/armv7-m\libgcc.a(_arm_muldivsf3.o)
                              ..\obj\conv.o (__aeabi_fmul)
c:/program files (x86)/gnu tools arm embedded/4.8 2013q4/bin/../lib/gcc/arm-none-eabi/4.8.3/armv7-m\libgcc.a(_arm_cmpsf2.o)
                              ..\obj\conv.o (__aeabi_fcmplt)
c:/program files (x86)/gnu tools arm embedded/4.8 2013q4/bin/../lib/gcc/arm-none-eabi/4.8.3/armv7-m\libgcc.a(_arm_fixunssfsi.o)
                              ..\obj\conv.o (__aeabi_f2uiz)
c:/program files (x86)/gnu tools arm embedded/4.8 2013q4/bin/../lib/gcc/arm-none-eabi/4.8.3/../../../../arm-none-eabi/lib/armv7-m\libg.a(lib_a-strcat.o)
                              ..\obj\ci.o (strcat)
c:/program files (x86)/gnu tools arm embedded/4.8 2013q4/bin/../lib/gcc/arm-none-eabi/4.8.3/../../../../arm-none-eabi/lib/armv7-m\libg.a(lib_a-strcpy.o)
                              ..\obj\ci.o (strcpy)
c:/program files (x86)/gnu tools arm embedded/4.8 2013q4/bin/../lib/gcc/arm-none-eabi/4.8.3/../../../../arm-none-eabi/lib/armv7-m\libg.a(lib_a-strlen.o)
                              ..\obj\ci.o (strlen)
c:/program files (x86)/gnu tools arm embedded/4.8 2013q4/bin/../lib/gcc/arm-none-eabi/4.8.3/../../../../arm-none-eabi/lib/armv7-m\libg.a(lib_a-strtol.o)
                              ..\obj\conv.o (strtol)
c:/program files (x86)/gnu tools arm embedded/4.8 2013q4/bin/../lib/gcc/arm-none-eabi/4.8.3/../../../../arm-none-eabi/lib/armv7-m\libg.a(lib_a-ctype_.o)
                              c:/program files (x86)/gnu tools arm embedded/4.8 2013q4/bin/../lib/gcc/arm-none-eabi/4.8.3/../../../../arm-none-eabi/lib/armv7-m\libg.a(lib_a-strtol.o) (__ctype_ptr__)
c:/program files (x86)/gnu tools arm embedded/4.8 2013q4/bin/../lib/gcc/arm-none-eabi/4.8.3/../../../../arm-none-eabi/lib/armv7-m\libg.a(lib_a-impure.o)
                              c:/program files (x86)/gnu tools arm embedded/4.8 2013q4/bin/../lib/gcc/arm-none-eabi/4.8.3/../../../../arm-none-eabi/lib/armv7-m\libg.a(lib_a-strtol.o) (_impure_ptr)

Allocating common symbols
Common symbol       size              file

control             0x1               ..\obj\ci.o
Distance            0x2               ..\obj\ci.o
Wifi_message        0x64              ..\obj\main.o
BT_message          0x64              ..\obj\main.o
Wifi_messagearrived
                    0x1               ..\obj\ci.o
msg                 0x64              ..\obj\communication.o
RPM                 0x2               ..\obj\ci.o
RefPos              0x2               ..\obj\ci.o
BT_messagearrived   0x1               ..\obj\ci.o
answerlen           0x1               ..\obj\communication.o
command2            0x64              ..\obj\main.o
UserTyping          0x1               ..\obj\ci.o
answer              0x64              ..\obj\communication.o
SendData_Mask       0x1               ..\obj\ci.o
SendData            0x1               ..\obj\ci.o
M_DutyCycle         0x2               ..\obj\ci.o

Discarded input sections

 .text          0x00000000        0x0 ..\obj\stm32f10x_tim.o
 .data          0x00000000        0x0 ..\obj\stm32f10x_tim.o
 .bss           0x00000000        0x0 ..\obj\stm32f10x_tim.o
 .text.TIM_DeInit
                0x00000000      0x22c ..\obj\stm32f10x_tim.o
 .text.TIM_OC1Init
                0x00000000      0x118 ..\obj\stm32f10x_tim.o
 .text.TIM_OC2Init
                0x00000000      0x110 ..\obj\stm32f10x_tim.o
 .text.TIM_OC4Init
                0x00000000       0xd0 ..\obj\stm32f10x_tim.o
 .text.TIM_PWMIConfig
                0x00000000       0xb8 ..\obj\stm32f10x_tim.o
 .text.TIM_BDTRConfig
                0x00000000       0x50 ..\obj\stm32f10x_tim.o
 .text.TIM_OCStructInit
                0x00000000       0x44 ..\obj\stm32f10x_tim.o
 .text.TIM_BDTRStructInit
                0x00000000       0x3c ..\obj\stm32f10x_tim.o
 .text.TIM_CtrlPWMOutputs
                0x00000000       0x4c ..\obj\stm32f10x_tim.o
 .text.TIM_GenerateEvent
                0x00000000       0x1c ..\obj\stm32f10x_tim.o
 .text.TIM_DMAConfig
                0x00000000       0x28 ..\obj\stm32f10x_tim.o
 .text.TIM_DMACmd
                0x00000000       0x48 ..\obj\stm32f10x_tim.o
 .text.TIM_InternalClockConfig
                0x00000000       0x24 ..\obj\stm32f10x_tim.o
 .text.TIM_ITRxExternalClockConfig
                0x00000000       0x2c ..\obj\stm32f10x_tim.o
 .text.TIM_TIxExternalClockConfig
                0x00000000       0x54 ..\obj\stm32f10x_tim.o
 .text.TIM_ETRClockMode1Config
                0x00000000       0x50 ..\obj\stm32f10x_tim.o
 .text.TIM_ETRClockMode2Config
                0x00000000       0x30 ..\obj\stm32f10x_tim.o
 .text.TIM_ETRConfig
                0x00000000       0x48 ..\obj\stm32f10x_tim.o
 .text.TIM_PrescalerConfig
                0x00000000       0x28 ..\obj\stm32f10x_tim.o
 .text.TIM_CounterModeConfig
                0x00000000       0x38 ..\obj\stm32f10x_tim.o
 .text.TIM_SelectInputTrigger
                0x00000000       0x38 ..\obj\stm32f10x_tim.o
 .text.TIM_EncoderInterfaceConfig
                0x00000000       0x8c ..\obj\stm32f10x_tim.o
 .text.TIM_ForcedOC1Config
                0x00000000       0x38 ..\obj\stm32f10x_tim.o
 .text.TIM_ForcedOC2Config
                0x00000000       0x3c ..\obj\stm32f10x_tim.o
 .text.TIM_ForcedOC3Config
                0x00000000       0x38 ..\obj\stm32f10x_tim.o
 .text.TIM_ForcedOC4Config
                0x00000000       0x3c ..\obj\stm32f10x_tim.o
 .text.TIM_SelectCOM
                0x00000000       0x40 ..\obj\stm32f10x_tim.o
 .text.TIM_SelectCCDMA
                0x00000000       0x40 ..\obj\stm32f10x_tim.o
 .text.TIM_CCPreloadControl
                0x00000000       0x40 ..\obj\stm32f10x_tim.o
 .text.TIM_OC1PreloadConfig
                0x00000000       0x38 ..\obj\stm32f10x_tim.o
 .text.TIM_OC2PreloadConfig
                0x00000000       0x3c ..\obj\stm32f10x_tim.o
 .text.TIM_OC4PreloadConfig
                0x00000000       0x3c ..\obj\stm32f10x_tim.o
 .text.TIM_OC1FastConfig
                0x00000000       0x38 ..\obj\stm32f10x_tim.o
 .text.TIM_OC2FastConfig
                0x00000000       0x3c ..\obj\stm32f10x_tim.o
 .text.TIM_OC3FastConfig
                0x00000000       0x38 ..\obj\stm32f10x_tim.o
 .text.TIM_OC4FastConfig
                0x00000000       0x3c ..\obj\stm32f10x_tim.o
 .text.TIM_ClearOC1Ref
                0x00000000       0x38 ..\obj\stm32f10x_tim.o
 .text.TIM_ClearOC2Ref
                0x00000000       0x3c ..\obj\stm32f10x_tim.o
 .text.TIM_ClearOC3Ref
                0x00000000       0x38 ..\obj\stm32f10x_tim.o
 .text.TIM_ClearOC4Ref
                0x00000000       0x3c ..\obj\stm32f10x_tim.o
 .text.TIM_OC1PolarityConfig
                0x00000000       0x38 ..\obj\stm32f10x_tim.o
 .text.TIM_OC1NPolarityConfig
                0x00000000       0x38 ..\obj\stm32f10x_tim.o
 .text.TIM_OC2PolarityConfig
                0x00000000       0x3c ..\obj\stm32f10x_tim.o
 .text.TIM_OC2NPolarityConfig
                0x00000000       0x3c ..\obj\stm32f10x_tim.o
 .text.TIM_OC3PolarityConfig
                0x00000000       0x3c ..\obj\stm32f10x_tim.o
 .text.TIM_OC3NPolarityConfig
                0x00000000       0x3c ..\obj\stm32f10x_tim.o
 .text.TIM_OC4PolarityConfig
                0x00000000       0x3c ..\obj\stm32f10x_tim.o
 .text.TIM_CCxCmd
                0x00000000       0x54 ..\obj\stm32f10x_tim.o
 .text.TIM_CCxNCmd
                0x00000000       0x54 ..\obj\stm32f10x_tim.o
 .text.TIM_SelectOCxM
                0x00000000       0xa8 ..\obj\stm32f10x_tim.o
 .text.TIM_UpdateDisableConfig
                0x00000000       0x40 ..\obj\stm32f10x_tim.o
 .text.TIM_UpdateRequestConfig
                0x00000000       0x40 ..\obj\stm32f10x_tim.o
 .text.TIM_SelectHallSensor
                0x00000000       0x40 ..\obj\stm32f10x_tim.o
 .text.TIM_SelectOnePulseMode
                0x00000000       0x38 ..\obj\stm32f10x_tim.o
 .text.TIM_SelectOutputTrigger
                0x00000000       0x38 ..\obj\stm32f10x_tim.o
 .text.TIM_SelectSlaveMode
                0x00000000       0x38 ..\obj\stm32f10x_tim.o
 .text.TIM_SelectMasterSlaveMode
                0x00000000       0x38 ..\obj\stm32f10x_tim.o
 .text.TIM_SetAutoreload
                0x00000000       0x1c ..\obj\stm32f10x_tim.o
 .text.TIM_SetCompare1
                0x00000000       0x1c ..\obj\stm32f10x_tim.o
 .text.TIM_SetCompare2
                0x00000000       0x1c ..\obj\stm32f10x_tim.o
 .text.TIM_SetCompare3
                0x00000000       0x1c ..\obj\stm32f10x_tim.o
 .text.TIM_SetCompare4
                0x00000000       0x20 ..\obj\stm32f10x_tim.o
 .text.TIM_SetClockDivision
                0x00000000       0x38 ..\obj\stm32f10x_tim.o
 .text.TIM_GetCapture2
                0x00000000       0x1c ..\obj\stm32f10x_tim.o
 .text.TIM_GetCapture3
                0x00000000       0x1c ..\obj\stm32f10x_tim.o
 .text.TIM_GetCounter
                0x00000000       0x1c ..\obj\stm32f10x_tim.o
 .text.TIM_GetPrescaler
                0x00000000       0x1c ..\obj\stm32f10x_tim.o
 .text.TIM_ClearFlag
                0x00000000       0x20 ..\obj\stm32f10x_tim.o
 .text          0x00000000        0x0 ..\obj\startup_stm32f10x_md_vl.o
 .data          0x00000000        0x0 ..\obj\startup_stm32f10x_md_vl.o
 .bss           0x00000000        0x0 ..\obj\startup_stm32f10x_md_vl.o
 .text          0x00000000        0x0 ..\obj\system_stm32f10x.o
 .bss           0x00000000        0x0 ..\obj\system_stm32f10x.o
 .text.SystemCoreClockUpdate
                0x00000000       0xd4 ..\obj\system_stm32f10x.o
 .text          0x00000000        0x0 ..\obj\config.o
 .data          0x00000000        0x0 ..\obj\config.o
 .bss           0x00000000        0x0 ..\obj\config.o
 .text.Init_TIM4
                0x00000000       0x60 ..\obj\config.o
 .text.Init_DIG1_4
                0x00000000       0x30 ..\obj\config.o
 .text.Init_UART2
                0x00000000       0xa4 ..\obj\config.o
 .text.Init_RadioModul
                0x00000000       0x48 ..\obj\config.o
 .text          0x00000000        0x0 ..\obj\ci.o
 .data          0x00000000        0x0 ..\obj\ci.o
 .bss           0x00000000        0x0 ..\obj\ci.o
 .text.ucCI_CheckHelp
                0x00000000       0x24 ..\obj\ci.o
 .text.ucCI_GetNumberOfParameters
                0x00000000       0x80 ..\obj\ci.o
 .text.ucCI_GetByteParameter
                0x00000000       0x6c ..\obj\ci.o
 .text.ucCI_GetParameter
                0x00000000       0x70 ..\obj\ci.o
 .text          0x00000000        0x0 ..\obj\stm32f10x_gpio.o
 .data          0x00000000        0x0 ..\obj\stm32f10x_gpio.o
 .bss           0x00000000        0x0 ..\obj\stm32f10x_gpio.o
 .text.GPIO_DeInit
                0x00000000       0xe4 ..\obj\stm32f10x_gpio.o
 .text.GPIO_AFIODeInit
                0x00000000       0x18 ..\obj\stm32f10x_gpio.o
 .text.GPIO_StructInit
                0x00000000       0x28 ..\obj\stm32f10x_gpio.o
 .text.GPIO_ReadInputDataBit
                0x00000000       0x34 ..\obj\stm32f10x_gpio.o
 .text.GPIO_ReadInputData
                0x00000000       0x1c ..\obj\stm32f10x_gpio.o
 .text.GPIO_ReadOutputDataBit
                0x00000000       0x34 ..\obj\stm32f10x_gpio.o
 .text.GPIO_ReadOutputData
                0x00000000       0x1c ..\obj\stm32f10x_gpio.o
 .text.GPIO_WriteBit
                0x00000000       0x30 ..\obj\stm32f10x_gpio.o
 .text.GPIO_Write
                0x00000000       0x1c ..\obj\stm32f10x_gpio.o
 .text.GPIO_PinLockConfig
                0x00000000       0x44 ..\obj\stm32f10x_gpio.o
 .text.GPIO_EventOutputConfig
                0x00000000       0x48 ..\obj\stm32f10x_gpio.o
 .text.GPIO_EventOutputCmd
                0x00000000       0x20 ..\obj\stm32f10x_gpio.o
 .text.GPIO_PinRemapConfig
                0x00000000       0xe0 ..\obj\stm32f10x_gpio.o
 .text.GPIO_EXTILineConfig
                0x00000000       0x7c ..\obj\stm32f10x_gpio.o
 .text.GPIO_ETH_MediaInterfaceConfig
                0x00000000       0x1c ..\obj\stm32f10x_gpio.o
 .text          0x00000000        0x0 ..\obj\main.o
 .data          0x00000000        0x0 ..\obj\main.o
 .bss           0x00000000        0x0 ..\obj\main.o
 .text          0x00000000        0x0 ..\obj\communication.o
 .data          0x00000000        0x0 ..\obj\communication.o
 .text          0x00000000        0x0 ..\obj\stm32f10x_rcc.o
 .bss           0x00000000        0x0 ..\obj\stm32f10x_rcc.o
 .text.RCC_DeInit
                0x00000000       0x64 ..\obj\stm32f10x_rcc.o
 .text.RCC_HSEConfig
                0x00000000       0x5c ..\obj\stm32f10x_rcc.o
 .text.RCC_WaitForHSEStartUp
                0x00000000       0x50 ..\obj\stm32f10x_rcc.o
 .text.RCC_AdjustHSICalibrationValue
                0x00000000       0x3c ..\obj\stm32f10x_rcc.o
 .text.RCC_HSICmd
                0x00000000       0x20 ..\obj\stm32f10x_rcc.o
 .text.RCC_PLLConfig
                0x00000000       0x3c ..\obj\stm32f10x_rcc.o
 .text.RCC_PLLCmd
                0x00000000       0x20 ..\obj\stm32f10x_rcc.o
 .text.RCC_PREDIV1Config
                0x00000000       0x40 ..\obj\stm32f10x_rcc.o
 .text.RCC_SYSCLKConfig
                0x00000000       0x38 ..\obj\stm32f10x_rcc.o
 .text.RCC_GetSYSCLKSource
                0x00000000       0x20 ..\obj\stm32f10x_rcc.o
 .text.RCC_HCLKConfig
                0x00000000       0x38 ..\obj\stm32f10x_rcc.o
 .text.RCC_PCLK1Config
                0x00000000       0x38 ..\obj\stm32f10x_rcc.o
 .text.RCC_PCLK2Config
                0x00000000       0x38 ..\obj\stm32f10x_rcc.o
 .text.RCC_ITConfig
                0x00000000       0x48 ..\obj\stm32f10x_rcc.o
 .text.RCC_USBCLKConfig
                0x00000000       0x1c ..\obj\stm32f10x_rcc.o
 .text.RCC_ADCCLKConfig
                0x00000000       0x38 ..\obj\stm32f10x_rcc.o
 .text.RCC_LSEConfig
                0x00000000       0x40 ..\obj\stm32f10x_rcc.o
 .text.RCC_LSICmd
                0x00000000       0x20 ..\obj\stm32f10x_rcc.o
 .text.RCC_RTCCLKConfig
                0x00000000       0x24 ..\obj\stm32f10x_rcc.o
 .text.RCC_RTCCLKCmd
                0x00000000       0x20 ..\obj\stm32f10x_rcc.o
 .text.RCC_AHBPeriphClockCmd
                0x00000000       0x3c ..\obj\stm32f10x_rcc.o
 .text.RCC_APB2PeriphResetCmd
                0x00000000       0x3c ..\obj\stm32f10x_rcc.o
 .text.RCC_APB1PeriphResetCmd
                0x00000000       0x3c ..\obj\stm32f10x_rcc.o
 .text.RCC_BackupResetCmd
                0x00000000       0x20 ..\obj\stm32f10x_rcc.o
 .text.RCC_ClockSecuritySystemCmd
                0x00000000       0x20 ..\obj\stm32f10x_rcc.o
 .text.RCC_MCOConfig
                0x00000000       0x20 ..\obj\stm32f10x_rcc.o
 .text.RCC_GetFlagStatus
                0x00000000       0x74 ..\obj\stm32f10x_rcc.o
 .text.RCC_ClearFlag
                0x00000000       0x1c ..\obj\stm32f10x_rcc.o
 .text.RCC_GetITStatus
                0x00000000       0x38 ..\obj\stm32f10x_rcc.o
 .text.RCC_ClearITPendingBit
                0x00000000       0x20 ..\obj\stm32f10x_rcc.o
 .text          0x00000000        0x0 ..\obj\motor.o
 .data          0x00000000        0x0 ..\obj\motor.o
 .bss           0x00000000        0x0 ..\obj\motor.o
 .text          0x00000000        0x0 ..\obj\stm32f10x_exti.o
 .data          0x00000000        0x0 ..\obj\stm32f10x_exti.o
 .bss           0x00000000        0x0 ..\obj\stm32f10x_exti.o
 .text.EXTI_DeInit
                0x00000000       0x34 ..\obj\stm32f10x_exti.o
 .text.EXTI_Init
                0x00000000       0xdc ..\obj\stm32f10x_exti.o
 .text.EXTI_StructInit
                0x00000000       0x2c ..\obj\stm32f10x_exti.o
 .text.EXTI_GenerateSWInterrupt
                0x00000000       0x24 ..\obj\stm32f10x_exti.o
 .text.EXTI_GetFlagStatus
                0x00000000       0x34 ..\obj\stm32f10x_exti.o
 .text.EXTI_ClearFlag
                0x00000000       0x1c ..\obj\stm32f10x_exti.o
 .text.EXTI_GetITStatus
                0x00000000       0x48 ..\obj\stm32f10x_exti.o
 .text.EXTI_ClearITPendingBit
                0x00000000       0x1c ..\obj\stm32f10x_exti.o
 .debug_info    0x00000000      0x32b ..\obj\stm32f10x_exti.o
 .debug_abbrev  0x00000000      0x151 ..\obj\stm32f10x_exti.o
 .debug_aranges
                0x00000000       0x58 ..\obj\stm32f10x_exti.o
 .debug_ranges  0x00000000       0x48 ..\obj\stm32f10x_exti.o
 .debug_line    0x00000000      0x26e ..\obj\stm32f10x_exti.o
 .debug_str     0x00000000      0x34b ..\obj\stm32f10x_exti.o
 .comment       0x00000000       0x71 ..\obj\stm32f10x_exti.o
 .ARM.attributes
                0x00000000       0x33 ..\obj\stm32f10x_exti.o
 .debug_frame   0x00000000       0xec ..\obj\stm32f10x_exti.o
 .text          0x00000000        0x0 ..\obj\stm32f10x_adc.o
 .data          0x00000000        0x0 ..\obj\stm32f10x_adc.o
 .bss           0x00000000        0x0 ..\obj\stm32f10x_adc.o
 .text.ADC_DeInit
                0x00000000       0x74 ..\obj\stm32f10x_adc.o
 .text.ADC_Init
                0x00000000       0xa4 ..\obj\stm32f10x_adc.o
 .text.ADC_StructInit
                0x00000000       0x38 ..\obj\stm32f10x_adc.o
 .text.ADC_Cmd  0x00000000       0x38 ..\obj\stm32f10x_adc.o
 .text.ADC_DMACmd
                0x00000000       0x38 ..\obj\stm32f10x_adc.o
 .text.ADC_ITConfig
                0x00000000       0x44 ..\obj\stm32f10x_adc.o
 .text.ADC_ResetCalibration
                0x00000000       0x20 ..\obj\stm32f10x_adc.o
 .text.ADC_GetResetCalibrationStatus
                0x00000000       0x30 ..\obj\stm32f10x_adc.o
 .text.ADC_StartCalibration
                0x00000000       0x20 ..\obj\stm32f10x_adc.o
 .text.ADC_GetCalibrationStatus
                0x00000000       0x30 ..\obj\stm32f10x_adc.o
 .text.ADC_SoftwareStartConvCmd
                0x00000000       0x38 ..\obj\stm32f10x_adc.o
 .text.ADC_GetSoftwareStartConvStatus
                0x00000000       0x30 ..\obj\stm32f10x_adc.o
 .text.ADC_DiscModeChannelCountConfig
                0x00000000       0x44 ..\obj\stm32f10x_adc.o
 .text.ADC_DiscModeCmd
                0x00000000       0x38 ..\obj\stm32f10x_adc.o
 .text.ADC_RegularChannelConfig
                0x00000000      0x188 ..\obj\stm32f10x_adc.o
 .text.ADC_ExternalTrigConvCmd
                0x00000000       0x38 ..\obj\stm32f10x_adc.o
 .text.ADC_GetConversionValue
                0x00000000       0x1c ..\obj\stm32f10x_adc.o
 .text.ADC_GetDualModeConversionValue
                0x00000000       0x18 ..\obj\stm32f10x_adc.o
 .text.ADC_AutoInjectedConvCmd
                0x00000000       0x38 ..\obj\stm32f10x_adc.o
 .text.ADC_InjectedDiscModeCmd
                0x00000000       0x38 ..\obj\stm32f10x_adc.o
 .text.ADC_ExternalTrigInjectedConvConfig
                0x00000000       0x34 ..\obj\stm32f10x_adc.o
 .text.ADC_ExternalTrigInjectedConvCmd
                0x00000000       0x38 ..\obj\stm32f10x_adc.o
 .text.ADC_SoftwareStartInjectedConvCmd
                0x00000000       0x38 ..\obj\stm32f10x_adc.o
 .text.ADC_GetSoftwareStartInjectedConvCmdStatus
                0x00000000       0x30 ..\obj\stm32f10x_adc.o
 .text.ADC_InjectedChannelConfig
                0x00000000      0x114 ..\obj\stm32f10x_adc.o
 .text.ADC_InjectedSequencerLengthConfig
                0x00000000       0x44 ..\obj\stm32f10x_adc.o
 .text.ADC_SetInjectedOffset
                0x00000000       0x30 ..\obj\stm32f10x_adc.o
 .text.ADC_GetInjectedConversionValue
                0x00000000       0x30 ..\obj\stm32f10x_adc.o
 .text.ADC_AnalogWatchdogCmd
                0x00000000       0x38 ..\obj\stm32f10x_adc.o
 .text.ADC_AnalogWatchdogThresholdsConfig
                0x00000000       0x28 ..\obj\stm32f10x_adc.o
 .text.ADC_AnalogWatchdogSingleChannelConfig
                0x00000000       0x38 ..\obj\stm32f10x_adc.o
 .text.ADC_TempSensorVrefintCmd
                0x00000000       0x38 ..\obj\stm32f10x_adc.o
 .text.ADC_GetFlagStatus
                0x00000000       0x34 ..\obj\stm32f10x_adc.o
 .text.ADC_ClearFlag
                0x00000000       0x20 ..\obj\stm32f10x_adc.o
 .text.ADC_GetITStatus
                0x00000000       0x58 ..\obj\stm32f10x_adc.o
 .text.ADC_ClearITPendingBit
                0x00000000       0x2c ..\obj\stm32f10x_adc.o
 .debug_info    0x00000000      0xb48 ..\obj\stm32f10x_adc.o
 .debug_abbrev  0x00000000      0x198 ..\obj\stm32f10x_adc.o
 .debug_aranges
                0x00000000      0x138 ..\obj\stm32f10x_adc.o
 .debug_ranges  0x00000000      0x128 ..\obj\stm32f10x_adc.o
 .debug_line    0x00000000      0x4eb ..\obj\stm32f10x_adc.o
 .debug_str     0x00000000      0x6e8 ..\obj\stm32f10x_adc.o
 .comment       0x00000000       0x71 ..\obj\stm32f10x_adc.o
 .ARM.attributes
                0x00000000       0x33 ..\obj\stm32f10x_adc.o
 .debug_frame   0x00000000      0x400 ..\obj\stm32f10x_adc.o
 .text          0x00000000        0x0 ..\obj\stm32f10x_usart.o
 .data          0x00000000        0x0 ..\obj\stm32f10x_usart.o
 .bss           0x00000000        0x0 ..\obj\stm32f10x_usart.o
 .text.USART_DeInit
                0x00000000       0xb8 ..\obj\stm32f10x_usart.o
 .text.USART_StructInit
                0x00000000       0x38 ..\obj\stm32f10x_usart.o
 .text.USART_ClockInit
                0x00000000       0x54 ..\obj\stm32f10x_usart.o
 .text.USART_ClockStructInit
                0x00000000       0x2c ..\obj\stm32f10x_usart.o
 .text.USART_DMACmd
                0x00000000       0x48 ..\obj\stm32f10x_usart.o
 .text.USART_SetAddress
                0x00000000       0x38 ..\obj\stm32f10x_usart.o
 .text.USART_WakeUpConfig
                0x00000000       0x38 ..\obj\stm32f10x_usart.o
 .text.USART_ReceiverWakeUpCmd
                0x00000000       0x40 ..\obj\stm32f10x_usart.o
 .text.USART_LINBreakDetectLengthConfig
                0x00000000       0x38 ..\obj\stm32f10x_usart.o
 .text.USART_LINCmd
                0x00000000       0x40 ..\obj\stm32f10x_usart.o
 .text.USART_SendBreak
                0x00000000       0x24 ..\obj\stm32f10x_usart.o
 .text.USART_SetGuardTime
                0x00000000       0x3c ..\obj\stm32f10x_usart.o
 .text.USART_SetPrescaler
                0x00000000       0x38 ..\obj\stm32f10x_usart.o
 .text.USART_SmartCardCmd
                0x00000000       0x40 ..\obj\stm32f10x_usart.o
 .text.USART_SmartCardNACKCmd
                0x00000000       0x40 ..\obj\stm32f10x_usart.o
 .text.USART_HalfDuplexCmd
                0x00000000       0x40 ..\obj\stm32f10x_usart.o
 .text.USART_OverSampling8Cmd
                0x00000000       0x44 ..\obj\stm32f10x_usart.o
 .text.USART_OneBitMethodCmd
                0x00000000       0x40 ..\obj\stm32f10x_usart.o
 .text.USART_IrDAConfig
                0x00000000       0x38 ..\obj\stm32f10x_usart.o
 .text.USART_IrDACmd
                0x00000000       0x40 ..\obj\stm32f10x_usart.o
 .text.USART_ClearFlag
                0x00000000       0x20 ..\obj\stm32f10x_usart.o
 .text.USART_GetITStatus
                0x00000000       0xb0 ..\obj\stm32f10x_usart.o
 .text.USART_ClearITPendingBit
                0x00000000       0x38 ..\obj\stm32f10x_usart.o
 .text          0x00000000        0x0 ..\obj\interrupt.o
 .text          0x00000000        0x0 ..\obj\stm32f10x_dma.o
 .data          0x00000000        0x0 ..\obj\stm32f10x_dma.o
 .bss           0x00000000        0x0 ..\obj\stm32f10x_dma.o
 .text.DMA_DeInit
                0x00000000      0x178 ..\obj\stm32f10x_dma.o
 .text.DMA_Init
                0x00000000       0x7c ..\obj\stm32f10x_dma.o
 .text.DMA_StructInit
                0x00000000       0x54 ..\obj\stm32f10x_dma.o
 .text.DMA_Cmd  0x00000000       0x38 ..\obj\stm32f10x_dma.o
 .text.DMA_ITConfig
                0x00000000       0x3c ..\obj\stm32f10x_dma.o
 .text.DMA_SetCurrDataCounter
                0x00000000       0x1c ..\obj\stm32f10x_dma.o
 .text.DMA_GetCurrDataCounter
                0x00000000       0x1c ..\obj\stm32f10x_dma.o
 .text.DMA_GetFlagStatus
                0x00000000       0x54 ..\obj\stm32f10x_dma.o
 .text.DMA_ClearFlag
                0x00000000       0x34 ..\obj\stm32f10x_dma.o
 .text.DMA_GetITStatus
                0x00000000       0x54 ..\obj\stm32f10x_dma.o
 .text.DMA_ClearITPendingBit
                0x00000000       0x34 ..\obj\stm32f10x_dma.o
 .debug_info    0x00000000      0x452 ..\obj\stm32f10x_dma.o
 .debug_abbrev  0x00000000      0x155 ..\obj\stm32f10x_dma.o
 .debug_aranges
                0x00000000       0x70 ..\obj\stm32f10x_dma.o
 .debug_ranges  0x00000000       0x60 ..\obj\stm32f10x_dma.o
 .debug_line    0x00000000      0x2cd ..\obj\stm32f10x_dma.o
 .debug_str     0x00000000      0x3ae ..\obj\stm32f10x_dma.o
 .comment       0x00000000       0x71 ..\obj\stm32f10x_dma.o
 .ARM.attributes
                0x00000000       0x33 ..\obj\stm32f10x_dma.o
 .debug_frame   0x00000000      0x144 ..\obj\stm32f10x_dma.o
 .text          0x00000000        0x0 ..\obj\misc.o
 .data          0x00000000        0x0 ..\obj\misc.o
 .bss           0x00000000        0x0 ..\obj\misc.o
 .text.NVIC_SetVectorTable
                0x00000000       0x2c ..\obj\misc.o
 .text.NVIC_SystemLPConfig
                0x00000000       0x40 ..\obj\misc.o
 .text.SysTick_CLKSourceConfig
                0x00000000       0x38 ..\obj\misc.o
 .text          0x00000000        0x0 ..\obj\conv.o
 .data          0x00000000        0x0 ..\obj\conv.o
 .bss           0x00000000        0x0 ..\obj\conv.o
 .text.ucHexStr2Char
                0x00000000      0x13c ..\obj\conv.o
 .text.Char2HexStr
                0x00000000       0x98 ..\obj\conv.o
 .text.uint162Str
                0x00000000      0x10c ..\obj\conv.o
 .text.DecString2double
                0x00000000      0x178 ..\obj\conv.o
 .text          0x00000000        0x0 ..\obj\measurement_ctrl.o
 .data          0x00000000        0x0 ..\obj\measurement_ctrl.o
 .bss           0x00000000        0x0 ..\obj\measurement_ctrl.o
 .text          0x00000000      0x370 c:/program files (x86)/gnu tools arm embedded/4.8 2013q4/bin/../lib/gcc/arm-none-eabi/4.8.3/armv7-m\libgcc.a(_arm_addsubdf3.o)
 .data          0x00000000        0x0 c:/program files (x86)/gnu tools arm embedded/4.8 2013q4/bin/../lib/gcc/arm-none-eabi/4.8.3/armv7-m\libgcc.a(_arm_addsubdf3.o)
 .bss           0x00000000        0x0 c:/program files (x86)/gnu tools arm embedded/4.8 2013q4/bin/../lib/gcc/arm-none-eabi/4.8.3/armv7-m\libgcc.a(_arm_addsubdf3.o)
 .ARM.attributes
                0x00000000       0x1d c:/program files (x86)/gnu tools arm embedded/4.8 2013q4/bin/../lib/gcc/arm-none-eabi/4.8.3/armv7-m\libgcc.a(_arm_addsubdf3.o)
 .text          0x00000000      0x424 c:/program files (x86)/gnu tools arm embedded/4.8 2013q4/bin/../lib/gcc/arm-none-eabi/4.8.3/armv7-m\libgcc.a(_arm_muldivdf3.o)
 .data          0x00000000        0x0 c:/program files (x86)/gnu tools arm embedded/4.8 2013q4/bin/../lib/gcc/arm-none-eabi/4.8.3/armv7-m\libgcc.a(_arm_muldivdf3.o)
 .bss           0x00000000        0x0 c:/program files (x86)/gnu tools arm embedded/4.8 2013q4/bin/../lib/gcc/arm-none-eabi/4.8.3/armv7-m\libgcc.a(_arm_muldivdf3.o)
 .ARM.attributes
                0x00000000       0x1d c:/program files (x86)/gnu tools arm embedded/4.8 2013q4/bin/../lib/gcc/arm-none-eabi/4.8.3/armv7-m\libgcc.a(_arm_muldivdf3.o)
 .data          0x00000000        0x0 c:/program files (x86)/gnu tools arm embedded/4.8 2013q4/bin/../lib/gcc/arm-none-eabi/4.8.3/armv7-m\libgcc.a(_arm_addsubsf3.o)
 .bss           0x00000000        0x0 c:/program files (x86)/gnu tools arm embedded/4.8 2013q4/bin/../lib/gcc/arm-none-eabi/4.8.3/armv7-m\libgcc.a(_arm_addsubsf3.o)
 .data          0x00000000        0x0 c:/program files (x86)/gnu tools arm embedded/4.8 2013q4/bin/../lib/gcc/arm-none-eabi/4.8.3/armv7-m\libgcc.a(_arm_muldivsf3.o)
 .bss           0x00000000        0x0 c:/program files (x86)/gnu tools arm embedded/4.8 2013q4/bin/../lib/gcc/arm-none-eabi/4.8.3/armv7-m\libgcc.a(_arm_muldivsf3.o)
 .data          0x00000000        0x0 c:/program files (x86)/gnu tools arm embedded/4.8 2013q4/bin/../lib/gcc/arm-none-eabi/4.8.3/armv7-m\libgcc.a(_arm_cmpsf2.o)
 .bss           0x00000000        0x0 c:/program files (x86)/gnu tools arm embedded/4.8 2013q4/bin/../lib/gcc/arm-none-eabi/4.8.3/armv7-m\libgcc.a(_arm_cmpsf2.o)
 .data          0x00000000        0x0 c:/program files (x86)/gnu tools arm embedded/4.8 2013q4/bin/../lib/gcc/arm-none-eabi/4.8.3/armv7-m\libgcc.a(_arm_fixunssfsi.o)
 .bss           0x00000000        0x0 c:/program files (x86)/gnu tools arm embedded/4.8 2013q4/bin/../lib/gcc/arm-none-eabi/4.8.3/armv7-m\libgcc.a(_arm_fixunssfsi.o)
 .text          0x00000000        0x0 c:/program files (x86)/gnu tools arm embedded/4.8 2013q4/bin/../lib/gcc/arm-none-eabi/4.8.3/../../../../arm-none-eabi/lib/armv7-m\libg.a(lib_a-strcat.o)
 .data          0x00000000        0x0 c:/program files (x86)/gnu tools arm embedded/4.8 2013q4/bin/../lib/gcc/arm-none-eabi/4.8.3/../../../../arm-none-eabi/lib/armv7-m\libg.a(lib_a-strcat.o)
 .bss           0x00000000        0x0 c:/program files (x86)/gnu tools arm embedded/4.8 2013q4/bin/../lib/gcc/arm-none-eabi/4.8.3/../../../../arm-none-eabi/lib/armv7-m\libg.a(lib_a-strcat.o)
 .text          0x00000000        0x0 c:/program files (x86)/gnu tools arm embedded/4.8 2013q4/bin/../lib/gcc/arm-none-eabi/4.8.3/../../../../arm-none-eabi/lib/armv7-m\libg.a(lib_a-strcpy.o)
 .data          0x00000000        0x0 c:/program files (x86)/gnu tools arm embedded/4.8 2013q4/bin/../lib/gcc/arm-none-eabi/4.8.3/../../../../arm-none-eabi/lib/armv7-m\libg.a(lib_a-strcpy.o)
 .bss           0x00000000        0x0 c:/program files (x86)/gnu tools arm embedded/4.8 2013q4/bin/../lib/gcc/arm-none-eabi/4.8.3/../../../../arm-none-eabi/lib/armv7-m\libg.a(lib_a-strcpy.o)
 .text          0x00000000        0x0 c:/program files (x86)/gnu tools arm embedded/4.8 2013q4/bin/../lib/gcc/arm-none-eabi/4.8.3/../../../../arm-none-eabi/lib/armv7-m\libg.a(lib_a-strlen.o)
 .data          0x00000000        0x0 c:/program files (x86)/gnu tools arm embedded/4.8 2013q4/bin/../lib/gcc/arm-none-eabi/4.8.3/../../../../arm-none-eabi/lib/armv7-m\libg.a(lib_a-strlen.o)
 .bss           0x00000000        0x0 c:/program files (x86)/gnu tools arm embedded/4.8 2013q4/bin/../lib/gcc/arm-none-eabi/4.8.3/../../../../arm-none-eabi/lib/armv7-m\libg.a(lib_a-strlen.o)
 .text          0x00000000        0x0 c:/program files (x86)/gnu tools arm embedded/4.8 2013q4/bin/../lib/gcc/arm-none-eabi/4.8.3/../../../../arm-none-eabi/lib/armv7-m\libg.a(lib_a-strtol.o)
 .data          0x00000000        0x0 c:/program files (x86)/gnu tools arm embedded/4.8 2013q4/bin/../lib/gcc/arm-none-eabi/4.8.3/../../../../arm-none-eabi/lib/armv7-m\libg.a(lib_a-strtol.o)
 .bss           0x00000000        0x0 c:/program files (x86)/gnu tools arm embedded/4.8 2013q4/bin/../lib/gcc/arm-none-eabi/4.8.3/../../../../arm-none-eabi/lib/armv7-m\libg.a(lib_a-strtol.o)
 .text          0x00000000        0x0 c:/program files (x86)/gnu tools arm embedded/4.8 2013q4/bin/../lib/gcc/arm-none-eabi/4.8.3/../../../../arm-none-eabi/lib/armv7-m\libg.a(lib_a-ctype_.o)
 .data          0x00000000        0x0 c:/program files (x86)/gnu tools arm embedded/4.8 2013q4/bin/../lib/gcc/arm-none-eabi/4.8.3/../../../../arm-none-eabi/lib/armv7-m\libg.a(lib_a-ctype_.o)
 .bss           0x00000000        0x0 c:/program files (x86)/gnu tools arm embedded/4.8 2013q4/bin/../lib/gcc/arm-none-eabi/4.8.3/../../../../arm-none-eabi/lib/armv7-m\libg.a(lib_a-ctype_.o)
 .text          0x00000000        0x0 c:/program files (x86)/gnu tools arm embedded/4.8 2013q4/bin/../lib/gcc/arm-none-eabi/4.8.3/../../../../arm-none-eabi/lib/armv7-m\libg.a(lib_a-impure.o)
 .data          0x00000000        0x0 c:/program files (x86)/gnu tools arm embedded/4.8 2013q4/bin/../lib/gcc/arm-none-eabi/4.8.3/../../../../arm-none-eabi/lib/armv7-m\libg.a(lib_a-impure.o)
 .bss           0x00000000        0x0 c:/program files (x86)/gnu tools arm embedded/4.8 2013q4/bin/../lib/gcc/arm-none-eabi/4.8.3/../../../../arm-none-eabi/lib/armv7-m\libg.a(lib_a-impure.o)
 .rodata._global_impure_ptr
                0x00000000        0x4 c:/program files (x86)/gnu tools arm embedded/4.8 2013q4/bin/../lib/gcc/arm-none-eabi/4.8.3/../../../../arm-none-eabi/lib/armv7-m\libg.a(lib_a-impure.o)

Memory Configuration

Name             Origin             Length             Attributes
rom              0x08000000         0x00020000         xr
ram              0x20000000         0x00002000         xrw
*default*        0x00000000         0xffffffff

Linker script and memory map

                0x20002000                _eram = 0x20002000

.text           0x08000000     0x35bc
 *(.isr_vector)
 .isr_vector    0x08000000      0x124 ..\obj\startup_stm32f10x_md_vl.o
                0x08000000                g_pfnVectors
 *(.text*)
 .text.TIM_TimeBaseInit
                0x08000124       0xf8 ..\obj\stm32f10x_tim.o
                0x08000124                TIM_TimeBaseInit
 .text.TIM_OC3Init
                0x0800021c      0x10c ..\obj\stm32f10x_tim.o
                0x0800021c                TIM_OC3Init
 .text.TIM_ICInit
                0x08000328       0xa8 ..\obj\stm32f10x_tim.o
                0x08000328                TIM_ICInit
 .text.TIM_TimeBaseStructInit
                0x080003d0       0x34 ..\obj\stm32f10x_tim.o
                0x080003d0                TIM_TimeBaseStructInit
 .text.TIM_ICStructInit
                0x08000404       0x30 ..\obj\stm32f10x_tim.o
                0x08000404                TIM_ICStructInit
 .text.TIM_Cmd  0x08000434       0x40 ..\obj\stm32f10x_tim.o
                0x08000434                TIM_Cmd
 .text.TIM_ITConfig
                0x08000474       0x48 ..\obj\stm32f10x_tim.o
                0x08000474                TIM_ITConfig
 .text.TIM_ARRPreloadConfig
                0x080004bc       0x40 ..\obj\stm32f10x_tim.o
                0x080004bc                TIM_ARRPreloadConfig
 .text.TIM_OC3PreloadConfig
                0x080004fc       0x38 ..\obj\stm32f10x_tim.o
                0x080004fc                TIM_OC3PreloadConfig
 .text.TIM_SetCounter
                0x08000534       0x1c ..\obj\stm32f10x_tim.o
                0x08000534                TIM_SetCounter
 .text.TIM_SetIC1Prescaler
                0x08000550       0x38 ..\obj\stm32f10x_tim.o
                0x08000550                TIM_SetIC1Prescaler
 .text.TIM_SetIC2Prescaler
                0x08000588       0x3c ..\obj\stm32f10x_tim.o
                0x08000588                TIM_SetIC2Prescaler
 .text.TIM_SetIC3Prescaler
                0x080005c4       0x38 ..\obj\stm32f10x_tim.o
                0x080005c4                TIM_SetIC3Prescaler
 .text.TIM_SetIC4Prescaler
                0x080005fc       0x3c ..\obj\stm32f10x_tim.o
                0x080005fc                TIM_SetIC4Prescaler
 .text.TIM_GetCapture1
                0x08000638       0x1c ..\obj\stm32f10x_tim.o
                0x08000638                TIM_GetCapture1
 .text.TIM_GetCapture4
                0x08000654       0x1c ..\obj\stm32f10x_tim.o
                0x08000654                TIM_GetCapture4
 .text.TIM_GetFlagStatus
                0x08000670       0x38 ..\obj\stm32f10x_tim.o
                0x08000670                TIM_GetFlagStatus
 .text.TIM_GetITStatus
                0x080006a8       0x54 ..\obj\stm32f10x_tim.o
                0x080006a8                TIM_GetITStatus
 .text.TIM_ClearITPendingBit
                0x080006fc       0x20 ..\obj\stm32f10x_tim.o
                0x080006fc                TIM_ClearITPendingBit
 .text.TI1_Config
                0x0800071c       0xd4 ..\obj\stm32f10x_tim.o
 .text.TI2_Config
                0x080007f0       0xe8 ..\obj\stm32f10x_tim.o
 .text.TI3_Config
                0x080008d8       0xe0 ..\obj\stm32f10x_tim.o
 .text.TI4_Config
                0x080009b8       0xec ..\obj\stm32f10x_tim.o
 .text.Default_Reset_Handler
                0x08000aa4       0x60 ..\obj\startup_stm32f10x_md_vl.o
                0x08000aa4                Default_Reset_Handler
                0x08000aa4                Reset_Handler
 .text.Default_Handler
                0x08000b04        0x8 ..\obj\startup_stm32f10x_md_vl.o
                0x08000b04                EXTI2_IRQHandler
                0x08000b04                DebugMon_Handler
                0x08000b04                HardFault_Handler
                0x08000b04                SysTick_Handler
                0x08000b04                PVD_IRQHandler
                0x08000b04                PendSV_Handler
                0x08000b04                NMI_Handler
                0x08000b04                EXTI3_IRQHandler
                0x08000b04                EXTI0_IRQHandler
                0x08000b04                I2C2_EV_IRQHandler
                0x08000b04                UsageFault_Handler
                0x08000b04                SPI1_IRQHandler
                0x08000b04                TAMPER_IRQHandler
                0x08000b04                DMA1_Channel4_IRQHandler
                0x08000b04                ADC1_IRQHandler
                0x08000b04                RTC_IRQHandler
                0x08000b04                DMA1_Channel7_IRQHandler
                0x08000b04                I2C1_EV_IRQHandler
                0x08000b04                DMA1_Channel6_IRQHandler
                0x08000b04                TIM3_IRQHandler
                0x08000b04                RCC_IRQHandler
                0x08000b04                DMA1_Channel1_IRQHandler
                0x08000b04                CEC_IRQHandler
                0x08000b04                EXTI15_10_IRQHandler
                0x08000b04                EXTI9_5_IRQHandler
                0x08000b04                SPI2_IRQHandler
                0x08000b04                MemManage_Handler
                0x08000b04                SVC_Handler
                0x08000b04                DMA1_Channel5_IRQHandler
                0x08000b04                EXTI4_IRQHandler
                0x08000b04                TIM1_TRG_COM_TIM17_IRQHandler
                0x08000b04                DMA1_Channel3_IRQHandler
                0x08000b04                WWDG_IRQHandler
                0x08000b04                EXTI1_IRQHandler
                0x08000b04                RTCAlarm_IRQHandler
                0x08000b04                USART2_IRQHandler
                0x08000b04                I2C2_ER_IRQHandler
                0x08000b04                DMA1_Channel2_IRQHandler
                0x08000b04                FLASH_IRQHandler
                0x08000b04                BusFault_Handler
                0x08000b04                I2C1_ER_IRQHandler
                0x08000b04                TIM1_BRK_TIM15_IRQHandler
 .text.SystemInit
                0x08000b0c       0x6c ..\obj\system_stm32f10x.o
                0x08000b0c                SystemInit
 .text.SetSysClock
                0x08000b78        0xc ..\obj\system_stm32f10x.o
 .text.SetSysClockTo24
                0x08000b84       0xd4 ..\obj\system_stm32f10x.o
 .text.Init_Ports
                0x08000c58       0x30 ..\obj\config.o
                0x08000c58                Init_Ports
 .text.Init_TIM3
                0x08000c88       0x34 ..\obj\config.o
                0x08000c88                Init_TIM3
 .text.Init_TIM6
                0x08000cbc       0x60 ..\obj\config.o
                0x08000cbc                Init_TIM6
 .text.Init_TIM7
                0x08000d1c       0x5c ..\obj\config.o
                0x08000d1c                Init_TIM7
 .text.Init_Hbridge_PWM
                0x08000d78       0x48 ..\obj\config.o
                0x08000d78                Init_Hbridge_PWM
 .text.Init_Hbridge
                0x08000dc0       0x88 ..\obj\config.o
                0x08000dc0                Init_Hbridge
 .text.Init_UART1
                0x08000e48       0xa8 ..\obj\config.o
                0x08000e48                Init_UART1
 .text.Init_UART3
                0x08000ef0       0xa8 ..\obj\config.o
                0x08000ef0                Init_UART3
 .text.ucCI_CommandInterpreter
                0x08000f98      0x200 ..\obj\ci.o
                0x08000f98                ucCI_CommandInterpreter
 .text.CI_BuildAnswer
                0x08001198       0x50 ..\obj\ci.o
                0x08001198                CI_BuildAnswer
 .text.ucCI_CommandCoder
                0x080011e8       0xbc ..\obj\ci.o
                0x080011e8                ucCI_CommandCoder
 .text.ucCI_CheckParameter
                0x080012a4      0x2c4 ..\obj\ci.o
                0x080012a4                ucCI_CheckParameter
 .text.ucCI_IsHex
                0x08001568       0x54 ..\obj\ci.o
                0x08001568                ucCI_IsHex
 .text.GPIO_Init
                0x080015bc      0x178 ..\obj\stm32f10x_gpio.o
                0x080015bc                GPIO_Init
 .text.GPIO_SetBits
                0x08001734       0x1c ..\obj\stm32f10x_gpio.o
                0x08001734                GPIO_SetBits
 .text.GPIO_ResetBits
                0x08001750       0x1c ..\obj\stm32f10x_gpio.o
                0x08001750                GPIO_ResetBits
 .text.main     0x0800176c      0x238 ..\obj\main.o
                0x0800176c                main
 .text.SendString_USART
                0x080019a4       0x3c ..\obj\communication.o
                0x080019a4                SendString_USART
 .text.Interpret_Message
                0x080019e0       0x74 ..\obj\communication.o
                0x080019e0                Interpret_Message
 .text.string_cat
                0x08001a54       0x74 ..\obj\communication.o
                0x08001a54                string_cat
 .text.string_cpy
                0x08001ac8       0x4c ..\obj\communication.o
                0x08001ac8                string_cpy
 .text.Create_Message
                0x08001b14       0x54 ..\obj\communication.o
                0x08001b14                Create_Message
 .text.RCC_GetClocksFreq
                0x08001b68      0x15c ..\obj\stm32f10x_rcc.o
                0x08001b68                RCC_GetClocksFreq
 .text.RCC_APB2PeriphClockCmd
                0x08001cc4       0x3c ..\obj\stm32f10x_rcc.o
                0x08001cc4                RCC_APB2PeriphClockCmd
 .text.RCC_APB1PeriphClockCmd
                0x08001d00       0x3c ..\obj\stm32f10x_rcc.o
                0x08001d00                RCC_APB1PeriphClockCmd
 .text.M_Default
                0x08001d3c       0x24 ..\obj\motor.o
                0x08001d3c                M_Default
 .text.M_Rotate_CW
                0x08001d60       0x24 ..\obj\motor.o
                0x08001d60                M_Rotate_CW
 .text.M_Set_DC
                0x08001d84       0x20 ..\obj\motor.o
                0x08001d84                M_Set_DC
 .text.M_Get_DC
                0x08001da4       0x18 ..\obj\motor.o
                0x08001da4                M_Get_DC
 .text.USART_Init
                0x08001dbc      0x174 ..\obj\stm32f10x_usart.o
                0x08001dbc                USART_Init
 .text.USART_Cmd
                0x08001f30       0x40 ..\obj\stm32f10x_usart.o
                0x08001f30                USART_Cmd
 .text.USART_ITConfig
                0x08001f70       0x90 ..\obj\stm32f10x_usart.o
                0x08001f70                USART_ITConfig
 .text.USART_SendData
                0x08002000       0x24 ..\obj\stm32f10x_usart.o
                0x08002000                USART_SendData
 .text.USART_ReceiveData
                0x08002024       0x20 ..\obj\stm32f10x_usart.o
                0x08002024                USART_ReceiveData
 .text.USART_GetFlagStatus
                0x08002044       0x38 ..\obj\stm32f10x_usart.o
                0x08002044                USART_GetFlagStatus
 .text.TIM2_IRQHandler
                0x0800207c       0x10 ..\obj\interrupt.o
                0x0800207c                TIM2_IRQHandler
 .text.TIM4_IRQHandler
                0x0800208c       0x20 ..\obj\interrupt.o
                0x0800208c                TIM4_IRQHandler
 .text.TIM6_DAC_IRQHandler
                0x080020ac       0x3c ..\obj\interrupt.o
                0x080020ac                TIM6_DAC_IRQHandler
 .text.TIM7_IRQHandler
                0x080020e8       0x64 ..\obj\interrupt.o
                0x080020e8                TIM7_IRQHandler
 .text.TIM1_UP_TIM16_IRQHandler
                0x0800214c       0xdc ..\obj\interrupt.o
                0x0800214c                TIM1_UP_TIM16_IRQHandler
 .text.USART1_IRQHandler
                0x08002228       0x98 ..\obj\interrupt.o
                0x08002228                USART1_IRQHandler
 .text.USART3_IRQHandler
                0x080022c0       0x74 ..\obj\interrupt.o
                0x080022c0                USART3_IRQHandler
 .text.TIM1_CC_IRQHandler
                0x08002334       0xd4 ..\obj\interrupt.o
                0x08002334                TIM1_CC_IRQHandler
 .text.NVIC_PriorityGroupConfig
                0x08002408       0x24 ..\obj\misc.o
                0x08002408                NVIC_PriorityGroupConfig
 .text.NVIC_Init
                0x0800242c       0xc0 ..\obj\misc.o
                0x0800242c                NVIC_Init
 .text.Str2uint16
                0x080024ec       0x20 ..\obj\conv.o
                0x080024ec                Str2uint16
 .text.uint162StrDec
                0x0800250c       0xc4 ..\obj\conv.o
                0x0800250c                uint162StrDec
 .text.uint162StrDec_nc
                0x080025d0       0x84 ..\obj\conv.o
                0x080025d0                uint162StrDec_nc
 .text.DecString2uint16
                0x08002654       0x68 ..\obj\conv.o
                0x08002654                DecString2uint16
 .text.double2StrDec
                0x080026bc       0xa4 ..\obj\conv.o
                0x080026bc                double2StrDec
 .text.Start_Ping
                0x08002760       0x24 ..\obj\measurement_ctrl.o
                0x08002760                Start_Ping
 .text.Init_Ping_IN
                0x08002784       0xc8 ..\obj\measurement_ctrl.o
                0x08002784                Init_Ping_IN
 .text.Init_Ping_OUT
                0x0800284c       0x3c ..\obj\measurement_ctrl.o
                0x0800284c                Init_Ping_OUT
 .text.Init_CNY70
                0x08002888       0xa4 ..\obj\measurement_ctrl.o
                0x08002888                Init_CNY70
 .text.Set_Distance
                0x0800292c       0x3c ..\obj\measurement_ctrl.o
                0x0800292c                Set_Distance
 .text.Set_RPM  0x08002968       0x20 ..\obj\measurement_ctrl.o
                0x08002968                Set_RPM
 .text.Get_Distance
                0x08002988       0x18 ..\obj\measurement_ctrl.o
                0x08002988                Get_Distance
 .text.Get_RPM  0x080029a0       0x18 ..\obj\measurement_ctrl.o
                0x080029a0                Get_RPM
 .text.Set_RefPos
                0x080029b8       0x20 ..\obj\measurement_ctrl.o
                0x080029b8                Set_RefPos
 .text.Get_RefPos
                0x080029d8       0x18 ..\obj\measurement_ctrl.o
                0x080029d8                Get_RefPos
 .text          0x080029f0      0x21c c:/program files (x86)/gnu tools arm embedded/4.8 2013q4/bin/../lib/gcc/arm-none-eabi/4.8.3/armv7-m\libgcc.a(_arm_addsubsf3.o)
                0x080029f0                __aeabi_frsub
                0x080029f8                __subsf3
                0x080029f8                __aeabi_fsub
                0x080029fc                __aeabi_fadd
                0x080029fc                __addsf3
                0x08002b5c                __aeabi_ui2f
                0x08002b5c                __floatunsisf
                0x08002b64                __aeabi_i2f
                0x08002b64                __floatsisf
                0x08002b80                __aeabi_ul2f
                0x08002b80                __floatundisf
                0x08002b90                __aeabi_l2f
                0x08002b90                __floatdisf
 .text          0x08002c0c      0x2a0 c:/program files (x86)/gnu tools arm embedded/4.8 2013q4/bin/../lib/gcc/arm-none-eabi/4.8.3/armv7-m\libgcc.a(_arm_muldivsf3.o)
                0x08002c0c                __mulsf3
                0x08002c0c                __aeabi_fmul
                0x08002d74                __aeabi_fdiv
                0x08002d74                __divsf3
 .text          0x08002eac       0xec c:/program files (x86)/gnu tools arm embedded/4.8 2013q4/bin/../lib/gcc/arm-none-eabi/4.8.3/armv7-m\libgcc.a(_arm_cmpsf2.o)
                0x08002eac                __gesf2
                0x08002eac                __gtsf2
                0x08002eb4                __lesf2
                0x08002eb4                __ltsf2
                0x08002ebc                __nesf2
                0x08002ebc                __eqsf2
                0x08002ebc                __cmpsf2
                0x08002f1c                __aeabi_cfrcmple
                0x08002f24                __aeabi_cfcmpeq
                0x08002f24                __aeabi_cfcmple
                0x08002f34                __aeabi_fcmpeq
                0x08002f48                __aeabi_fcmplt
                0x08002f5c                __aeabi_fcmple
                0x08002f70                __aeabi_fcmpge
                0x08002f84                __aeabi_fcmpgt
 .text          0x08002f98       0x40 c:/program files (x86)/gnu tools arm embedded/4.8 2013q4/bin/../lib/gcc/arm-none-eabi/4.8.3/armv7-m\libgcc.a(_arm_fixunssfsi.o)
                0x08002f98                __fixunssfsi
                0x08002f98                __aeabi_f2uiz
 .text.strcat   0x08002fd8       0x4c c:/program files (x86)/gnu tools arm embedded/4.8 2013q4/bin/../lib/gcc/arm-none-eabi/4.8.3/../../../../arm-none-eabi/lib/armv7-m\libg.a(lib_a-strcat.o)
                0x08002fd8                strcat
 .text.strcpy   0x08003024       0xbc c:/program files (x86)/gnu tools arm embedded/4.8 2013q4/bin/../lib/gcc/arm-none-eabi/4.8.3/../../../../arm-none-eabi/lib/armv7-m\libg.a(lib_a-strcpy.o)
                0x08003024                strcpy
 .text.strlen   0x080030e0       0x60 c:/program files (x86)/gnu tools arm embedded/4.8 2013q4/bin/../lib/gcc/arm-none-eabi/4.8.3/../../../../arm-none-eabi/lib/armv7-m\libg.a(lib_a-strlen.o)
                0x080030e0                strlen
 .text._strtol_r
                0x08003140      0x114 c:/program files (x86)/gnu tools arm embedded/4.8 2013q4/bin/../lib/gcc/arm-none-eabi/4.8.3/../../../../arm-none-eabi/lib/armv7-m\libg.a(lib_a-strtol.o)
                0x08003140                _strtol_r
 .text.strtol   0x08003254       0x18 c:/program files (x86)/gnu tools arm embedded/4.8 2013q4/bin/../lib/gcc/arm-none-eabi/4.8.3/../../../../arm-none-eabi/lib/armv7-m\libg.a(lib_a-strtol.o)
                0x08003254                strtol
 *(.init)
 *(.fini)
 *crtbegin.o(.ctors)
 *crtbegin?.o(.ctors)
 *(EXCLUDE_FILE(*crtend.o *crtend?.o) .ctors)
 *(SORT(.ctors.*))
 *(.ctors)
 *crtbegin.o(.dtors)
 *crtbegin?.o(.dtors)
 *(EXCLUDE_FILE(*crtend.o *crtend?.o) .dtors)
 *(SORT(.dtors.*))
 *(.dtors)
 *(.rodata*)
 .rodata        0x0800326c      0x244 ..\obj\ci.o
                0x08003434                G_staCommands
 .rodata        0x080034b0        0x4 ..\obj\main.o
 .rodata._ctype_
                0x080034b4      0x104 c:/program files (x86)/gnu tools arm embedded/4.8 2013q4/bin/../lib/gcc/arm-none-eabi/4.8.3/../../../../arm-none-eabi/lib/armv7-m\libg.a(lib_a-ctype_.o)
                0x080034b4                _ctype_
 .rodata.str1.4
                0x080035b8        0x4 c:/program files (x86)/gnu tools arm embedded/4.8 2013q4/bin/../lib/gcc/arm-none-eabi/4.8.3/../../../../arm-none-eabi/lib/armv7-m\libg.a(lib_a-impure.o)
 *(.eh_fram e*)

.glue_7         0x080035bc        0x0
 .glue_7        0x00000000        0x0 linker stubs

.glue_7t        0x080035bc        0x0
 .glue_7t       0x00000000        0x0 linker stubs

.vfp11_veneer   0x080035bc        0x0
 .vfp11_veneer  0x00000000        0x0 linker stubs

.v4_bx          0x080035bc        0x0
 .v4_bx         0x00000000        0x0 linker stubs

.iplt           0x080035bc        0x0
 .iplt          0x00000000        0x0 ..\obj\stm32f10x_tim.o

.rel.dyn        0x080035bc        0x0
 .rel.iplt      0x00000000        0x0 ..\obj\stm32f10x_tim.o

.ARM.extab
 *(.ARM.extab* .gnu.linkonce.armextab.*)
                0x080035bc                __exidx_start = .

.ARM.exidx
 *(.ARM.exidx* .gnu.linkonce.armexidx.*)
                0x080035bc                __exidx_end = .
                0x080035bc                __etext = .
                0x080035bc                _sidata = __etext

.data           0x20000000      0x45c load address 0x080035bc
                0x20000000                __data_start__ = .
                0x20000000                _sdata = __data_start__
 *(vtable)
 *(.data*)
 .data          0x20000000       0x14 ..\obj\system_stm32f10x.o
                0x20000000                SystemCoreClock
                0x20000004                AHBPrescTable
 .data          0x20000014       0x14 ..\obj\stm32f10x_rcc.o
 .data          0x20000028        0x4 ..\obj\interrupt.o
 .data.__ctype_ptr__
                0x2000002c        0x4 c:/program files (x86)/gnu tools arm embedded/4.8 2013q4/bin/../lib/gcc/arm-none-eabi/4.8.3/../../../../arm-none-eabi/lib/armv7-m\libg.a(lib_a-ctype_.o)
                0x2000002c                __ctype_ptr__
 .data.impure_data
                0x20000030      0x428 c:/program files (x86)/gnu tools arm embedded/4.8 2013q4/bin/../lib/gcc/arm-none-eabi/4.8.3/../../../../arm-none-eabi/lib/armv7-m\libg.a(lib_a-impure.o)
 .data._impure_ptr
                0x20000458        0x4 c:/program files (x86)/gnu tools arm embedded/4.8 2013q4/bin/../lib/gcc/arm-none-eabi/4.8.3/../../../../arm-none-eabi/lib/armv7-m\libg.a(lib_a-impure.o)
                0x20000458                _impure_ptr
                0x2000045c                . = ALIGN (0x4)
                0x2000045c                PROVIDE (__preinit_array_start, .)
 *(.preinit_array)
                0x2000045c                PROVIDE (__preinit_array_end, .)
                0x2000045c                . = ALIGN (0x4)
                0x2000045c                PROVIDE (__init_array_start, .)
 *(SORT(.init_array.*))
 *(.init_array)
                0x2000045c                PROVIDE (__init_array_end, .)
                0x2000045c                . = ALIGN (0x4)
                0x2000045c                PROVIDE (__fini_array_start, .)
 *(SORT(.fini_array.*))
 *(.fini_array)
                0x2000045c                PROVIDE (__fini_array_end, .)
 *(.jcr*)
                0x2000045c                . = ALIGN (0x4)
                0x2000045c                __data_end__ = .
                0x2000045c                _edata = __data_end__

.igot.plt       0x2000045c        0x0 load address 0x08003a18
 .igot.plt      0x00000000        0x0 ..\obj\stm32f10x_tim.o

.bss            0x2000045c      0x228 load address 0x08003a18
                0x2000045c                . = ALIGN (0x4)
                0x2000045c                __bss_start__ = .
                0x2000045c                _sbss = __bss_start__
 *(.bss*)
 .bss           0x2000045c        0x8 ..\obj\communication.o
                0x2000045c                clients
 .bss           0x20000464       0x18 ..\obj\interrupt.o
                0x20000464                TIM16_IC1ReadValue1
                0x20000466                TIM16_IC1ReadValue2
                0x20000468                PING_Response
                0x2000046c                TIM1_IC4ReadValue1
                0x2000046e                TIM1_IC4ReadValue2
                0x20000470                Motor_Freq
                0x20000474                edgecntr
 *(COMMON)
 COMMON         0x2000047c       0x10 ..\obj\ci.o
                0x2000047c                control
                0x2000047e                Distance
                0x20000480                Wifi_messagearrived
                0x20000482                RPM
                0x20000484                RefPos
                0x20000486                BT_messagearrived
                0x20000487                UserTyping
                0x20000488                SendData_Mask
                0x20000489                SendData
                0x2000048a                M_DutyCycle
 COMMON         0x2000048c      0x12c ..\obj\main.o
                0x2000048c                Wifi_message
                0x200004f0                BT_message
                0x20000554                command2
 COMMON         0x200005b8       0xcc ..\obj\communication.o
                0x200005b8                msg
                0x2000061c                answerlen
                0x20000620                answer
                0x20000684                . = ALIGN (0x4)
                0x20000684                __bss_end__ = .
                0x20000684                _ebss = __bss_end__

.heap           0x20000684        0x0
                0x20000684                __end__ = .
                0x20000684                _end = __end__
                0x20000684                end = __end__
 *(.heap*)
                0x20000684                __HeapLimit = .

.co_stack       0x20000684      0x404 load address 0x08003c40
                0x20000688                . = ALIGN (0x8)
 *fill*         0x20000684        0x4 
 *(.co_stack .co_stack.*)
 .co_stack      0x20000688      0x400 ..\obj\startup_stm32f10x_md_vl.o
                0x20000688                pulStack
                0x20002000                __StackTop = (ORIGIN (ram) + 0x2000)
                0x20001bfc                __StackLimit = (__StackTop - SIZEOF (.co_stack))
                0x20002000                PROVIDE (__stack, __StackTop)
                0x00000001                ASSERT ((__StackLimit >= __HeapLimit), region ram  overflowed with stack)
LOAD ..\obj\stm32f10x_tim.o
LOAD ..\obj\startup_stm32f10x_md_vl.o
LOAD ..\obj\system_stm32f10x.o
LOAD ..\obj\config.o
LOAD ..\obj\ci.o
LOAD ..\obj\stm32f10x_gpio.o
LOAD ..\obj\main.o
LOAD ..\obj\communication.o
LOAD ..\obj\stm32f10x_rcc.o
LOAD ..\obj\motor.o
LOAD ..\obj\stm32f10x_exti.o
LOAD ..\obj\stm32f10x_adc.o
LOAD ..\obj\stm32f10x_usart.o
LOAD ..\obj\interrupt.o
LOAD ..\obj\stm32f10x_dma.o
LOAD ..\obj\misc.o
LOAD ..\obj\conv.o
LOAD ..\obj\measurement_ctrl.o
START GROUP
LOAD c:/program files (x86)/gnu tools arm embedded/4.8 2013q4/bin/../lib/gcc/arm-none-eabi/4.8.3/armv7-m\libgcc.a
LOAD c:/program files (x86)/gnu tools arm embedded/4.8 2013q4/bin/../lib/gcc/arm-none-eabi/4.8.3/../../../../arm-none-eabi/lib/armv7-m\libg.a
LOAD c:/program files (x86)/gnu tools arm embedded/4.8 2013q4/bin/../lib/gcc/arm-none-eabi/4.8.3/../../../../arm-none-eabi/lib/armv7-m\libc.a
END GROUP
OUTPUT(Ventilator.elf elf32-littlearm)

.debug_info     0x00000000     0x6db2
 .debug_info    0x00000000     0x1c2c ..\obj\stm32f10x_tim.o
 .debug_info    0x00001c2c       0xe9 ..\obj\startup_stm32f10x_md_vl.o
 .debug_info    0x00001d15      0x3ee ..\obj\system_stm32f10x.o
 .debug_info    0x00002103      0x99e ..\obj\config.o
 .debug_info    0x00002aa1      0x4a7 ..\obj\ci.o
 .debug_info    0x00002f48      0x6bb ..\obj\stm32f10x_gpio.o
 .debug_info    0x00003603      0x574 ..\obj\main.o
 .debug_info    0x00003b77      0x427 ..\obj\communication.o
 .debug_info    0x00003f9e      0x8ce ..\obj\stm32f10x_rcc.o
 .debug_info    0x0000486c      0x416 ..\obj\motor.o
 .debug_info    0x00004c82      0x9bc ..\obj\stm32f10x_usart.o
 .debug_info    0x0000563e      0x688 ..\obj\interrupt.o
 .debug_info    0x00005cc6      0x51c ..\obj\misc.o
 .debug_info    0x000061e2      0x39b ..\obj\conv.o
 .debug_info    0x0000657d      0x835 ..\obj\measurement_ctrl.o

.debug_abbrev   0x00000000     0x1465
 .debug_abbrev  0x00000000      0x1b0 ..\obj\stm32f10x_tim.o
 .debug_abbrev  0x000001b0       0xa7 ..\obj\startup_stm32f10x_md_vl.o
 .debug_abbrev  0x00000257      0x14c ..\obj\system_stm32f10x.o
 .debug_abbrev  0x000003a3      0x125 ..\obj\config.o
 .debug_abbrev  0x000004c8      0x193 ..\obj\ci.o
 .debug_abbrev  0x0000065b      0x1c8 ..\obj\stm32f10x_gpio.o
 .debug_abbrev  0x00000823      0x13f ..\obj\main.o
 .debug_abbrev  0x00000962      0x197 ..\obj\communication.o
 .debug_abbrev  0x00000af9      0x1ba ..\obj\stm32f10x_rcc.o
 .debug_abbrev  0x00000cb3       0xf1 ..\obj\motor.o
 .debug_abbrev  0x00000da4      0x162 ..\obj\stm32f10x_usart.o
 .debug_abbrev  0x00000f06      0x146 ..\obj\interrupt.o
 .debug_abbrev  0x0000104c      0x145 ..\obj\misc.o
 .debug_abbrev  0x00001191      0x15b ..\obj\conv.o
 .debug_abbrev  0x000012ec      0x179 ..\obj\measurement_ctrl.o

.debug_aranges  0x00000000      0x8e8
 .debug_aranges
                0x00000000      0x2f0 ..\obj\stm32f10x_tim.o
 .debug_aranges
                0x000002f0       0x28 ..\obj\startup_stm32f10x_md_vl.o
 .debug_aranges
                0x00000318       0x38 ..\obj\system_stm32f10x.o
 .debug_aranges
                0x00000350       0x78 ..\obj\config.o
 .debug_aranges
                0x000003c8       0x60 ..\obj\ci.o
 .debug_aranges
                0x00000428       0xa8 ..\obj\stm32f10x_gpio.o
 .debug_aranges
                0x000004d0       0x20 ..\obj\main.o
 .debug_aranges
                0x000004f0       0x40 ..\obj\communication.o
 .debug_aranges
                0x00000530      0x120 ..\obj\stm32f10x_rcc.o
 .debug_aranges
                0x00000650       0x38 ..\obj\motor.o
 .debug_aranges
                0x00000688      0x100 ..\obj\stm32f10x_usart.o
 .debug_aranges
                0x00000788       0x58 ..\obj\interrupt.o
 .debug_aranges
                0x000007e0       0x40 ..\obj\misc.o
 .debug_aranges
                0x00000820       0x60 ..\obj\conv.o
 .debug_aranges
                0x00000880       0x68 ..\obj\measurement_ctrl.o

.debug_ranges   0x00000000      0x7f8
 .debug_ranges  0x00000000      0x2e0 ..\obj\stm32f10x_tim.o
 .debug_ranges  0x000002e0       0x18 ..\obj\startup_stm32f10x_md_vl.o
 .debug_ranges  0x000002f8       0x28 ..\obj\system_stm32f10x.o
 .debug_ranges  0x00000320       0x68 ..\obj\config.o
 .debug_ranges  0x00000388       0x50 ..\obj\ci.o
 .debug_ranges  0x000003d8       0x98 ..\obj\stm32f10x_gpio.o
 .debug_ranges  0x00000470       0x10 ..\obj\main.o
 .debug_ranges  0x00000480       0x30 ..\obj\communication.o
 .debug_ranges  0x000004b0      0x110 ..\obj\stm32f10x_rcc.o
 .debug_ranges  0x000005c0       0x28 ..\obj\motor.o
 .debug_ranges  0x000005e8       0xf0 ..\obj\stm32f10x_usart.o
 .debug_ranges  0x000006d8       0x48 ..\obj\interrupt.o
 .debug_ranges  0x00000720       0x30 ..\obj\misc.o
 .debug_ranges  0x00000750       0x50 ..\obj\conv.o
 .debug_ranges  0x000007a0       0x58 ..\obj\measurement_ctrl.o

.debug_line     0x00000000     0x317d
 .debug_line    0x00000000      0xa44 ..\obj\stm32f10x_tim.o
 .debug_line    0x00000a44       0xb4 ..\obj\startup_stm32f10x_md_vl.o
 .debug_line    0x00000af8      0x1c4 ..\obj\system_stm32f10x.o
 .debug_line    0x00000cbc      0x33c ..\obj\config.o
 .debug_line    0x00000ff8      0x414 ..\obj\ci.o
 .debug_line    0x0000140c      0x378 ..\obj\stm32f10x_gpio.o
 .debug_line    0x00001784      0x235 ..\obj\main.o
 .debug_line    0x000019b9      0x234 ..\obj\communication.o
 .debug_line    0x00001bed      0x49e ..\obj\stm32f10x_rcc.o
 .debug_line    0x0000208b      0x1e6 ..\obj\motor.o
 .debug_line    0x00002271      0x463 ..\obj\stm32f10x_usart.o
 .debug_line    0x000026d4      0x28c ..\obj\interrupt.o
 .debug_line    0x00002960      0x20e ..\obj\misc.o
 .debug_line    0x00002b6e      0x302 ..\obj\conv.o
 .debug_line    0x00002e70      0x30d ..\obj\measurement_ctrl.o

.debug_str      0x00000000     0x2874
 .debug_str     0x00000000      0xd21 ..\obj\stm32f10x_tim.o
                                0xdca (size before relaxing)
 .debug_str     0x00000d21       0xc2 ..\obj\startup_stm32f10x_md_vl.o
                                0x159 (size before relaxing)
 .debug_str     0x00000de3      0x171 ..\obj\system_stm32f10x.o
                                0x2c7 (size before relaxing)
 .debug_str     0x00000f54      0x5e4 ..\obj\config.o
                                0x948 (size before relaxing)
 .debug_str     0x00001538      0x279 ..\obj\ci.o
                                0x3df (size before relaxing)
 .debug_str     0x000017b1      0x270 ..\obj\stm32f10x_gpio.o
                                0x506 (size before relaxing)
 .debug_str     0x00001a21       0x93 ..\obj\main.o
                                0x3df (size before relaxing)
 .debug_str     0x00001ab4       0xd5 ..\obj\communication.o
                                0x2fc (size before relaxing)
 .debug_str     0x00001b89      0x42c ..\obj\stm32f10x_rcc.o
                                0x65a (size before relaxing)
 .debug_str     0x00001fb5       0x6e ..\obj\motor.o
                                0x330 (size before relaxing)
 .debug_str     0x00002023      0x3b8 ..\obj\stm32f10x_usart.o
                                0x67d (size before relaxing)
 .debug_str     0x000023db      0x165 ..\obj\interrupt.o
                                0x480 (size before relaxing)
 .debug_str     0x00002540      0x168 ..\obj\misc.o
                                0x3b6 (size before relaxing)
 .debug_str     0x000026a8       0xe5 ..\obj\conv.o
                                0x2a2 (size before relaxing)
 .debug_str     0x0000278d       0xe7 ..\obj\measurement_ctrl.o
                                0x8d8 (size before relaxing)

.comment        0x00000000       0x70
 .comment       0x00000000       0x70 ..\obj\stm32f10x_tim.o
                                 0x71 (size before relaxing)
 .comment       0x00000000       0x71 ..\obj\startup_stm32f10x_md_vl.o
 .comment       0x00000000       0x71 ..\obj\system_stm32f10x.o
 .comment       0x00000000       0x71 ..\obj\config.o
 .comment       0x00000000       0x71 ..\obj\ci.o
 .comment       0x00000000       0x71 ..\obj\stm32f10x_gpio.o
 .comment       0x00000000       0x71 ..\obj\main.o
 .comment       0x00000000       0x71 ..\obj\communication.o
 .comment       0x00000000       0x71 ..\obj\stm32f10x_rcc.o
 .comment       0x00000000       0x71 ..\obj\motor.o
 .comment       0x00000000       0x71 ..\obj\stm32f10x_usart.o
 .comment       0x00000000       0x71 ..\obj\interrupt.o
 .comment       0x00000000       0x71 ..\obj\misc.o
 .comment       0x00000000       0x71 ..\obj\conv.o
 .comment       0x00000000       0x71 ..\obj\measurement_ctrl.o

.ARM.attributes
                0x00000000       0x33
 .ARM.attributes
                0x00000000       0x33 ..\obj\stm32f10x_tim.o
 .ARM.attributes
                0x00000033       0x33 ..\obj\startup_stm32f10x_md_vl.o
 .ARM.attributes
                0x00000066       0x33 ..\obj\system_stm32f10x.o
 .ARM.attributes
                0x00000099       0x33 ..\obj\config.o
 .ARM.attributes
                0x000000cc       0x33 ..\obj\ci.o
 .ARM.attributes
                0x000000ff       0x33 ..\obj\stm32f10x_gpio.o
 .ARM.attributes
                0x00000132       0x33 ..\obj\main.o
 .ARM.attributes
                0x00000165       0x33 ..\obj\communication.o
 .ARM.attributes
                0x00000198       0x33 ..\obj\stm32f10x_rcc.o
 .ARM.attributes
                0x000001cb       0x33 ..\obj\motor.o
 .ARM.attributes
                0x000001fe       0x33 ..\obj\stm32f10x_usart.o
 .ARM.attributes
                0x00000231       0x33 ..\obj\interrupt.o
 .ARM.attributes
                0x00000264       0x33 ..\obj\misc.o
 .ARM.attributes
                0x00000297       0x33 ..\obj\conv.o
 .ARM.attributes
                0x000002ca       0x33 ..\obj\measurement_ctrl.o
 .ARM.attributes
                0x000002fd       0x1d c:/program files (x86)/gnu tools arm embedded/4.8 2013q4/bin/../lib/gcc/arm-none-eabi/4.8.3/armv7-m\libgcc.a(_arm_addsubsf3.o)
 .ARM.attributes
                0x0000031a       0x1d c:/program files (x86)/gnu tools arm embedded/4.8 2013q4/bin/../lib/gcc/arm-none-eabi/4.8.3/armv7-m\libgcc.a(_arm_muldivsf3.o)
 .ARM.attributes
                0x00000337       0x1d c:/program files (x86)/gnu tools arm embedded/4.8 2013q4/bin/../lib/gcc/arm-none-eabi/4.8.3/armv7-m\libgcc.a(_arm_cmpsf2.o)
 .ARM.attributes
                0x00000354       0x1d c:/program files (x86)/gnu tools arm embedded/4.8 2013q4/bin/../lib/gcc/arm-none-eabi/4.8.3/armv7-m\libgcc.a(_arm_fixunssfsi.o)
 .ARM.attributes
                0x00000371       0x2d c:/program files (x86)/gnu tools arm embedded/4.8 2013q4/bin/../lib/gcc/arm-none-eabi/4.8.3/../../../../arm-none-eabi/lib/armv7-m\libg.a(lib_a-strcat.o)
 .ARM.attributes
                0x0000039e       0x2d c:/program files (x86)/gnu tools arm embedded/4.8 2013q4/bin/../lib/gcc/arm-none-eabi/4.8.3/../../../../arm-none-eabi/lib/armv7-m\libg.a(lib_a-strcpy.o)
 .ARM.attributes
                0x000003cb       0x2d c:/program files (x86)/gnu tools arm embedded/4.8 2013q4/bin/../lib/gcc/arm-none-eabi/4.8.3/../../../../arm-none-eabi/lib/armv7-m\libg.a(lib_a-strlen.o)
 .ARM.attributes
                0x000003f8       0x2d c:/program files (x86)/gnu tools arm embedded/4.8 2013q4/bin/../lib/gcc/arm-none-eabi/4.8.3/../../../../arm-none-eabi/lib/armv7-m\libg.a(lib_a-strtol.o)
 .ARM.attributes
                0x00000425       0x2d c:/program files (x86)/gnu tools arm embedded/4.8 2013q4/bin/../lib/gcc/arm-none-eabi/4.8.3/../../../../arm-none-eabi/lib/armv7-m\libg.a(lib_a-ctype_.o)
 .ARM.attributes
                0x00000452       0x2d c:/program files (x86)/gnu tools arm embedded/4.8 2013q4/bin/../lib/gcc/arm-none-eabi/4.8.3/../../../../arm-none-eabi/lib/armv7-m\libg.a(lib_a-impure.o)

.debug_frame    0x00000000     0x1c7c
 .debug_frame   0x00000000      0xa20 ..\obj\stm32f10x_tim.o
 .debug_frame   0x00000a20       0x48 ..\obj\startup_stm32f10x_md_vl.o
 .debug_frame   0x00000a68       0x80 ..\obj\system_stm32f10x.o
 .debug_frame   0x00000ae8      0x190 ..\obj\config.o
 .debug_frame   0x00000c78      0x11c ..\obj\ci.o
 .debug_frame   0x00000d94      0x210 ..\obj\stm32f10x_gpio.o
 .debug_frame   0x00000fa4       0x30 ..\obj\main.o
 .debug_frame   0x00000fd4       0xa8 ..\obj\communication.o
 .debug_frame   0x0000107c      0x3a4 ..\obj\stm32f10x_rcc.o
 .debug_frame   0x00001420       0x80 ..\obj\motor.o
 .debug_frame   0x000014a0      0x344 ..\obj\stm32f10x_usart.o
 .debug_frame   0x000017e4       0xf8 ..\obj\interrupt.o
 .debug_frame   0x000018dc       0x9c ..\obj\misc.o
 .debug_frame   0x00001978      0x120 ..\obj\conv.o
 .debug_frame   0x00001a98      0x128 ..\obj\measurement_ctrl.o
 .debug_frame   0x00001bc0       0x2c c:/program files (x86)/gnu tools arm embedded/4.8 2013q4/bin/../lib/gcc/arm-none-eabi/4.8.3/../../../../arm-none-eabi/lib/armv7-m\libg.a(lib_a-strcat.o)
 .debug_frame   0x00001bec       0x20 c:/program files (x86)/gnu tools arm embedded/4.8 2013q4/bin/../lib/gcc/arm-none-eabi/4.8.3/../../../../arm-none-eabi/lib/armv7-m\libg.a(lib_a-strcpy.o)
 .debug_frame   0x00001c0c       0x20 c:/program files (x86)/gnu tools arm embedded/4.8 2013q4/bin/../lib/gcc/arm-none-eabi/4.8.3/../../../../arm-none-eabi/lib/armv7-m\libg.a(lib_a-strlen.o)
 .debug_frame   0x00001c2c       0x50 c:/program files (x86)/gnu tools arm embedded/4.8 2013q4/bin/../lib/gcc/arm-none-eabi/4.8.3/../../../../arm-none-eabi/lib/armv7-m\libg.a(lib_a-strtol.o)
